mode: set
git.sr.ht/~jamesponddotco/imgdiet-go/cmd/imgdiet/internal/app/app.go:13.16,85.41 8 0
git.sr.ht/~jamesponddotco/imgdiet-go/cmd/imgdiet/internal/app/app.go:85.41,89.3 2 0
git.sr.ht/~jamesponddotco/imgdiet-go/cmd/imgdiet/internal/app/app.go:91.2,91.10 1 0
git.sr.ht/~jamesponddotco/imgdiet-go/cmd/imgdiet/internal/app/optimize.go:28.43,29.18 1 0
git.sr.ht/~jamesponddotco/imgdiet-go/cmd/imgdiet/internal/app/optimize.go:29.18,30.44 1 0
git.sr.ht/~jamesponddotco/imgdiet-go/cmd/imgdiet/internal/app/optimize.go:30.44,32.4 1 0
git.sr.ht/~jamesponddotco/imgdiet-go/cmd/imgdiet/internal/app/optimize.go:34.3,34.31 1 0
git.sr.ht/~jamesponddotco/imgdiet-go/cmd/imgdiet/internal/app/optimize.go:37.2,67.16 6 0
git.sr.ht/~jamesponddotco/imgdiet-go/cmd/imgdiet/internal/app/optimize.go:67.16,69.3 1 0
git.sr.ht/~jamesponddotco/imgdiet-go/cmd/imgdiet/internal/app/optimize.go:71.2,74.16 3 0
git.sr.ht/~jamesponddotco/imgdiet-go/cmd/imgdiet/internal/app/optimize.go:74.16,76.3 1 0
git.sr.ht/~jamesponddotco/imgdiet-go/cmd/imgdiet/internal/app/optimize.go:79.2,80.16 2 0
git.sr.ht/~jamesponddotco/imgdiet-go/cmd/imgdiet/internal/app/optimize.go:80.16,82.3 1 0
git.sr.ht/~jamesponddotco/imgdiet-go/cmd/imgdiet/internal/app/optimize.go:84.2,85.16 2 0
git.sr.ht/~jamesponddotco/imgdiet-go/cmd/imgdiet/internal/app/optimize.go:85.16,87.3 1 0
git.sr.ht/~jamesponddotco/imgdiet-go/cmd/imgdiet/internal/app/optimize.go:89.2,89.47 1 0
git.sr.ht/~jamesponddotco/imgdiet-go/cmd/imgdiet/internal/app/optimize.go:89.47,91.3 1 0
git.sr.ht/~jamesponddotco/imgdiet-go/cmd/imgdiet/internal/app/optimize.go:93.2,93.75 1 0
git.sr.ht/~jamesponddotco/imgdiet-go/cmd/imgdiet/internal/app/optimize.go:93.75,95.3 1 0
git.sr.ht/~jamesponddotco/imgdiet-go/cmd/imgdiet/internal/app/optimize.go:97.2,98.16 2 0
git.sr.ht/~jamesponddotco/imgdiet-go/cmd/imgdiet/internal/app/optimize.go:98.16,100.3 1 0
git.sr.ht/~jamesponddotco/imgdiet-go/cmd/imgdiet/internal/app/optimize.go:102.2,104.52 2 0
git.sr.ht/~jamesponddotco/imgdiet-go/cmd/imgdiet/internal/app/optimize.go:104.52,106.3 1 0
git.sr.ht/~jamesponddotco/imgdiet-go/cmd/imgdiet/internal/app/optimize.go:108.2,108.12 1 0
git.sr.ht/~jamesponddotco/imgdiet-go/cmd/imgdiet/internal/app/optimize.go:113.90,114.21 1 0
git.sr.ht/~jamesponddotco/imgdiet-go/cmd/imgdiet/internal/app/optimize.go:114.21,116.3 1 0
git.sr.ht/~jamesponddotco/imgdiet-go/cmd/imgdiet/internal/app/optimize.go:118.2,118.36 1 0
git.sr.ht/~jamesponddotco/imgdiet-go/cmd/imgdiet/internal/app/optimize.go:119.21,120.33 1 0
git.sr.ht/~jamesponddotco/imgdiet-go/cmd/imgdiet/internal/app/optimize.go:121.13,122.32 1 0
git.sr.ht/~jamesponddotco/imgdiet-go/cmd/imgdiet/internal/app/optimize.go:123.13,124.32 1 0
git.sr.ht/~jamesponddotco/imgdiet-go/cmd/imgdiet/internal/app/optimize.go:125.14,126.33 1 0
git.sr.ht/~jamesponddotco/imgdiet-go/cmd/imgdiet/internal/app/optimize.go:127.14,128.33 1 0
git.sr.ht/~jamesponddotco/imgdiet-go/cmd/imgdiet/internal/app/optimize.go:129.22,130.33 1 0
git.sr.ht/~jamesponddotco/imgdiet-go/cmd/imgdiet/internal/app/optimize.go:131.21,132.33 1 0
git.sr.ht/~jamesponddotco/imgdiet-go/cmd/imgdiet/internal/app/optimize.go:133.10,134.82 1 0
git.sr.ht/~jamesponddotco/imgdiet-go/cmd/imgdiet/main.go:9.13,11.2 1 0
git.sr.ht/~jamesponddotco/imgdiet-go/internal/filetype/filetype.go:22.33,23.11 1 1
git.sr.ht/~jamesponddotco/imgdiet-go/internal/filetype/filetype.go:24.12,25.16 1 1
git.sr.ht/~jamesponddotco/imgdiet-go/internal/filetype/filetype.go:26.11,27.15 1 1
git.sr.ht/~jamesponddotco/imgdiet-go/internal/filetype/filetype.go:28.11,29.15 1 1
git.sr.ht/~jamesponddotco/imgdiet-go/internal/filetype/filetype.go:30.12,31.16 1 1
git.sr.ht/~jamesponddotco/imgdiet-go/internal/filetype/filetype.go:32.12,33.16 1 1
git.sr.ht/~jamesponddotco/imgdiet-go/internal/filetype/filetype.go:34.12,35.16 1 1
git.sr.ht/~jamesponddotco/imgdiet-go/internal/filetype/filetype.go:36.12,37.16 1 1
git.sr.ht/~jamesponddotco/imgdiet-go/internal/filetype/filetype.go:38.10,39.19 1 1
git.sr.ht/~jamesponddotco/imgdiet-go/internal/filetype/filetype.go:45.32,46.9 1 1
git.sr.ht/~jamesponddotco/imgdiet-go/internal/filetype/filetype.go:47.19,48.14 1 1
git.sr.ht/~jamesponddotco/imgdiet-go/internal/filetype/filetype.go:49.18,50.13 1 1
git.sr.ht/~jamesponddotco/imgdiet-go/internal/filetype/filetype.go:51.18,52.13 1 1
git.sr.ht/~jamesponddotco/imgdiet-go/internal/filetype/filetype.go:53.19,54.14 1 1
git.sr.ht/~jamesponddotco/imgdiet-go/internal/filetype/filetype.go:55.19,56.14 1 1
git.sr.ht/~jamesponddotco/imgdiet-go/internal/filetype/filetype.go:57.19,58.14 1 1
git.sr.ht/~jamesponddotco/imgdiet-go/internal/filetype/filetype.go:59.19,60.14 1 1
git.sr.ht/~jamesponddotco/imgdiet-go/internal/filetype/filetype.go:61.10,62.17 1 1
git.sr.ht/~jamesponddotco/imgdiet-go/internal/filetype/filetype.go:67.30,72.2 1 1
git.sr.ht/~jamesponddotco/imgdiet-go/internal/filetype/filetype.go:75.29,81.2 1 1
git.sr.ht/~jamesponddotco/imgdiet-go/internal/filetype/filetype.go:84.29,89.2 1 1
git.sr.ht/~jamesponddotco/imgdiet-go/internal/filetype/filetype.go:93.30,99.2 1 1
git.sr.ht/~jamesponddotco/imgdiet-go/internal/filetype/filetype.go:103.30,104.18 1 1
git.sr.ht/~jamesponddotco/imgdiet-go/internal/filetype/filetype.go:104.18,106.3 1 1
git.sr.ht/~jamesponddotco/imgdiet-go/internal/filetype/filetype.go:108.2,113.34 2 1
git.sr.ht/~jamesponddotco/imgdiet-go/internal/filetype/filetype.go:117.30,118.21 1 1
git.sr.ht/~jamesponddotco/imgdiet-go/internal/filetype/filetype.go:118.21,120.3 1 1
git.sr.ht/~jamesponddotco/imgdiet-go/internal/filetype/filetype.go:122.2,124.50 2 1
git.sr.ht/~jamesponddotco/imgdiet-go/internal/filetype/filetype.go:124.50,126.3 1 1
git.sr.ht/~jamesponddotco/imgdiet-go/internal/filetype/filetype.go:128.2,128.50 1 1
git.sr.ht/~jamesponddotco/imgdiet-go/internal/filetype/filetype.go:128.50,129.42 1 1
git.sr.ht/~jamesponddotco/imgdiet-go/internal/filetype/filetype.go:129.42,130.42 1 1
git.sr.ht/~jamesponddotco/imgdiet-go/internal/filetype/filetype.go:130.42,132.5 1 1
git.sr.ht/~jamesponddotco/imgdiet-go/internal/filetype/filetype.go:136.2,136.14 1 1
git.sr.ht/~jamesponddotco/imgdiet-go/internal/filetype/filetype.go:140.30,141.21 1 1
git.sr.ht/~jamesponddotco/imgdiet-go/internal/filetype/filetype.go:141.21,143.3 1 1
git.sr.ht/~jamesponddotco/imgdiet-go/internal/filetype/filetype.go:145.2,147.98 2 1
git.sr.ht/~jamesponddotco/imgdiet-go/internal/filetype/filetype.go:147.98,149.3 1 1
git.sr.ht/~jamesponddotco/imgdiet-go/internal/filetype/filetype.go:151.2,151.50 1 1
git.sr.ht/~jamesponddotco/imgdiet-go/internal/filetype/filetype.go:151.50,152.42 1 1
git.sr.ht/~jamesponddotco/imgdiet-go/internal/filetype/filetype.go:152.42,153.17 1 1
git.sr.ht/~jamesponddotco/imgdiet-go/internal/filetype/filetype.go:154.40,155.16 1 1
git.sr.ht/~jamesponddotco/imgdiet-go/internal/filetype/filetype.go:160.2,160.14 1 1
git.sr.ht/~jamesponddotco/imgdiet-go/internal/filetype/filetype.go:166.33,167.19 1 1
git.sr.ht/~jamesponddotco/imgdiet-go/internal/filetype/filetype.go:167.19,169.3 1 1
git.sr.ht/~jamesponddotco/imgdiet-go/internal/filetype/filetype.go:171.2,171.70 1 1
git.sr.ht/~jamesponddotco/imgdiet-go/internal/filetype/filetype.go:171.70,173.3 1 0
git.sr.ht/~jamesponddotco/imgdiet-go/internal/filetype/filetype.go:175.2,177.36 2 1
git.sr.ht/~jamesponddotco/imgdiet-go/internal/filetype/filetype.go:182.73,183.19 1 1
git.sr.ht/~jamesponddotco/imgdiet-go/internal/filetype/filetype.go:183.19,185.3 1 0
git.sr.ht/~jamesponddotco/imgdiet-go/internal/filetype/filetype.go:187.2,190.43 3 1
git.sr.ht/~jamesponddotco/imgdiet-go/internal/filetype/filetype.go:190.43,191.22 1 1
git.sr.ht/~jamesponddotco/imgdiet-go/internal/filetype/filetype.go:191.22,193.4 1 1
git.sr.ht/~jamesponddotco/imgdiet-go/internal/filetype/filetype.go:196.2,196.37 1 1
git.sr.ht/~jamesponddotco/imgdiet-go/config.go:42.30,48.2 1 1
git.sr.ht/~jamesponddotco/imgdiet-go/image.go:45.61,46.16 1 1
git.sr.ht/~jamesponddotco/imgdiet-go/image.go:46.16,48.3 1 1
git.sr.ht/~jamesponddotco/imgdiet-go/image.go:50.2,50.14 1 1
git.sr.ht/~jamesponddotco/imgdiet-go/image.go:50.14,52.3 1 1
git.sr.ht/~jamesponddotco/imgdiet-go/image.go:54.2,54.9 1 1
git.sr.ht/~jamesponddotco/imgdiet-go/image.go:55.20,56.60 1 1
git.sr.ht/~jamesponddotco/imgdiet-go/image.go:57.10,57.10 0 1
git.sr.ht/~jamesponddotco/imgdiet-go/image.go:60.2,63.16 3 1
git.sr.ht/~jamesponddotco/imgdiet-go/image.go:63.16,65.3 1 1
git.sr.ht/~jamesponddotco/imgdiet-go/image.go:67.2,68.16 2 1
git.sr.ht/~jamesponddotco/imgdiet-go/image.go:68.16,70.3 1 1
git.sr.ht/~jamesponddotco/imgdiet-go/image.go:72.2,75.15 2 1
git.sr.ht/~jamesponddotco/imgdiet-go/image.go:75.15,76.31 1 1
git.sr.ht/~jamesponddotco/imgdiet-go/image.go:76.31,79.4 2 0
git.sr.ht/~jamesponddotco/imgdiet-go/image.go:82.2,88.17 2 1
git.sr.ht/~jamesponddotco/imgdiet-go/image.go:92.30,94.2 1 0
git.sr.ht/~jamesponddotco/imgdiet-go/image.go:97.33,99.2 1 1
git.sr.ht/~jamesponddotco/imgdiet-go/image.go:116.70,117.17 1 1
git.sr.ht/~jamesponddotco/imgdiet-go/image.go:117.17,119.3 1 1
git.sr.ht/~jamesponddotco/imgdiet-go/image.go:121.2,122.16 2 1
git.sr.ht/~jamesponddotco/imgdiet-go/image.go:122.16,124.3 1 0
git.sr.ht/~jamesponddotco/imgdiet-go/image.go:125.2,127.29 2 1
git.sr.ht/~jamesponddotco/imgdiet-go/image.go:127.29,128.54 1 1
git.sr.ht/~jamesponddotco/imgdiet-go/image.go:128.54,130.4 1 0
git.sr.ht/~jamesponddotco/imgdiet-go/image.go:133.2,133.39 1 1
git.sr.ht/~jamesponddotco/imgdiet-go/image.go:133.39,134.49 1 1
git.sr.ht/~jamesponddotco/imgdiet-go/image.go:134.49,136.4 1 0
git.sr.ht/~jamesponddotco/imgdiet-go/image.go:139.2,141.16 2 1
git.sr.ht/~jamesponddotco/imgdiet-go/image.go:142.18,143.40 1 1
git.sr.ht/~jamesponddotco/imgdiet-go/image.go:144.17,145.39 1 1
git.sr.ht/~jamesponddotco/imgdiet-go/image.go:146.17,147.39 1 1
git.sr.ht/~jamesponddotco/imgdiet-go/image.go:148.18,149.40 1 1
git.sr.ht/~jamesponddotco/imgdiet-go/image.go:150.18,151.40 1 1
git.sr.ht/~jamesponddotco/imgdiet-go/image.go:152.18,153.40 1 1
git.sr.ht/~jamesponddotco/imgdiet-go/image.go:154.18,155.40 1 1
git.sr.ht/~jamesponddotco/imgdiet-go/image.go:156.10,157.74 1 0
git.sr.ht/~jamesponddotco/imgdiet-go/image.go:160.2,160.16 1 1
git.sr.ht/~jamesponddotco/imgdiet-go/image.go:160.16,162.3 1 0
git.sr.ht/~jamesponddotco/imgdiet-go/image.go:164.2,164.20 1 1
git.sr.ht/~jamesponddotco/imgdiet-go/image.go:168.65,177.16 2 1
git.sr.ht/~jamesponddotco/imgdiet-go/image.go:177.16,179.3 1 0
git.sr.ht/~jamesponddotco/imgdiet-go/image.go:179.8,179.24 1 1
git.sr.ht/~jamesponddotco/imgdiet-go/image.go:179.24,181.3 1 1
git.sr.ht/~jamesponddotco/imgdiet-go/image.go:184.2,184.27 1 1
git.sr.ht/~jamesponddotco/imgdiet-go/image.go:184.27,186.3 1 0
git.sr.ht/~jamesponddotco/imgdiet-go/image.go:188.2,188.29 1 1
git.sr.ht/~jamesponddotco/imgdiet-go/image.go:188.29,190.3 1 0
git.sr.ht/~jamesponddotco/imgdiet-go/image.go:192.2,195.17 1 1
git.sr.ht/~jamesponddotco/imgdiet-go/image.go:195.17,197.3 1 0
git.sr.ht/~jamesponddotco/imgdiet-go/image.go:199.2,199.12 1 1
git.sr.ht/~jamesponddotco/imgdiet-go/image.go:203.74,214.24 2 1
git.sr.ht/~jamesponddotco/imgdiet-go/image.go:214.24,216.3 1 1
git.sr.ht/~jamesponddotco/imgdiet-go/image.go:218.2,219.16 2 1
git.sr.ht/~jamesponddotco/imgdiet-go/image.go:219.16,221.3 1 0
git.sr.ht/~jamesponddotco/imgdiet-go/image.go:223.2,223.18 1 1
git.sr.ht/~jamesponddotco/imgdiet-go/image.go:227.73,236.24 2 1
git.sr.ht/~jamesponddotco/imgdiet-go/image.go:236.24,238.3 1 1
git.sr.ht/~jamesponddotco/imgdiet-go/image.go:240.2,241.16 2 1
git.sr.ht/~jamesponddotco/imgdiet-go/image.go:241.16,243.3 1 0
git.sr.ht/~jamesponddotco/imgdiet-go/image.go:245.2,245.18 1 1
git.sr.ht/~jamesponddotco/imgdiet-go/image.go:249.73,256.24 2 1
git.sr.ht/~jamesponddotco/imgdiet-go/image.go:256.24,258.3 1 1
git.sr.ht/~jamesponddotco/imgdiet-go/image.go:260.2,261.16 2 1
git.sr.ht/~jamesponddotco/imgdiet-go/image.go:261.16,263.3 1 0
git.sr.ht/~jamesponddotco/imgdiet-go/image.go:265.2,265.18 1 1
git.sr.ht/~jamesponddotco/imgdiet-go/image.go:269.74,278.24 2 1
git.sr.ht/~jamesponddotco/imgdiet-go/image.go:278.24,280.3 1 1
git.sr.ht/~jamesponddotco/imgdiet-go/image.go:282.2,283.16 2 1
git.sr.ht/~jamesponddotco/imgdiet-go/image.go:283.16,285.3 1 0
git.sr.ht/~jamesponddotco/imgdiet-go/image.go:287.2,287.18 1 1
git.sr.ht/~jamesponddotco/imgdiet-go/image.go:291.74,299.24 2 1
git.sr.ht/~jamesponddotco/imgdiet-go/image.go:299.24,301.3 1 1
git.sr.ht/~jamesponddotco/imgdiet-go/image.go:303.2,304.16 2 1
git.sr.ht/~jamesponddotco/imgdiet-go/image.go:304.16,306.3 1 0
git.sr.ht/~jamesponddotco/imgdiet-go/image.go:308.2,308.18 1 1
git.sr.ht/~jamesponddotco/imgdiet-go/image.go:312.74,320.24 2 1
git.sr.ht/~jamesponddotco/imgdiet-go/image.go:320.24,322.3 1 1
git.sr.ht/~jamesponddotco/imgdiet-go/image.go:324.2,325.16 2 1
git.sr.ht/~jamesponddotco/imgdiet-go/image.go:325.16,327.3 1 0
git.sr.ht/~jamesponddotco/imgdiet-go/image.go:329.2,329.18 1 1
git.sr.ht/~jamesponddotco/imgdiet-go/image.go:333.74,343.24 2 1
git.sr.ht/~jamesponddotco/imgdiet-go/image.go:343.24,345.3 1 1
git.sr.ht/~jamesponddotco/imgdiet-go/image.go:347.2,348.16 2 1
git.sr.ht/~jamesponddotco/imgdiet-go/image.go:348.16,350.3 1 0
git.sr.ht/~jamesponddotco/imgdiet-go/image.go:352.2,352.18 1 1
git.sr.ht/~jamesponddotco/imgdiet-go/imgdiet.go:30.33,31.11 1 1
git.sr.ht/~jamesponddotco/imgdiet-go/imgdiet.go:32.18,33.16 1 1
git.sr.ht/~jamesponddotco/imgdiet-go/imgdiet.go:34.17,35.15 1 1
git.sr.ht/~jamesponddotco/imgdiet-go/imgdiet.go:36.17,37.15 1 1
git.sr.ht/~jamesponddotco/imgdiet-go/imgdiet.go:38.18,39.16 1 1
git.sr.ht/~jamesponddotco/imgdiet-go/imgdiet.go:40.18,41.16 1 1
git.sr.ht/~jamesponddotco/imgdiet-go/imgdiet.go:42.18,43.16 1 1
git.sr.ht/~jamesponddotco/imgdiet-go/imgdiet.go:44.18,45.16 1 1
git.sr.ht/~jamesponddotco/imgdiet-go/imgdiet.go:46.10,47.19 1 1
git.sr.ht/~jamesponddotco/imgdiet-go/imgdiet.go:58.25,59.16 1 1
git.sr.ht/~jamesponddotco/imgdiet-go/imgdiet.go:59.16,61.3 1 1
git.sr.ht/~jamesponddotco/imgdiet-go/imgdiet.go:63.2,67.4 1 1
git.sr.ht/~jamesponddotco/imgdiet-go/imgdiet.go:75.13,77.2 1 0
git.sr.ht/~jamesponddotco/imgdiet-go/imgdiet.go:82.49,85.16 2 1
git.sr.ht/~jamesponddotco/imgdiet-go/imgdiet.go:86.21,87.25 1 1
git.sr.ht/~jamesponddotco/imgdiet-go/imgdiet.go:88.20,89.24 1 1
git.sr.ht/~jamesponddotco/imgdiet-go/imgdiet.go:90.20,91.24 1 1
git.sr.ht/~jamesponddotco/imgdiet-go/imgdiet.go:92.21,93.25 1 1
git.sr.ht/~jamesponddotco/imgdiet-go/imgdiet.go:94.21,95.25 1 1
git.sr.ht/~jamesponddotco/imgdiet-go/imgdiet.go:96.21,97.25 1 1
git.sr.ht/~jamesponddotco/imgdiet-go/imgdiet.go:98.21,99.25 1 1
git.sr.ht/~jamesponddotco/imgdiet-go/imgdiet.go:100.10,101.45 1 1
git.sr.ht/~jamesponddotco/imgdiet-go/options.go:142.32,161.2 1 1
